2026-05-06 01:17:08.794 INFO  [JavaFX Application Thread] o.example.service.MonitoringService - Sentry désactivé (sentry.dsn non configuré)
2026-05-06 01:19:07.312 ERROR [Thread-3] org.example.service.AdaptiveService - Erreur lecture profil : Table 'biosync.profil_cognitif' doesn't exist
2026-05-06 01:19:07.320 ERROR [Thread-3] org.example.service.AdaptiveService - Erreur insererProfil : Table 'biosync.profil_cognitif' doesn't exist
2026-05-06 01:19:07.325 ERROR [Thread-3] o.example.service.ServiceQuizSession - Erreur getDernieres sessions : Table 'biosync.quiz_session' doesn't exist
2026-05-06 01:19:07.331 ERROR [Thread-3] o.example.service.PredictionService - Erreur chargerHistoriqueScores : Table 'biosync.quiz_session' doesn't exist
2026-05-06 01:19:07.332 INFO  [Thread-3] o.example.service.PredictionService - Pas assez d'historique pour l'utilisateur 42 (0 session(s))
2026-05-06 01:19:07.338 ERROR [Thread-3] org.example.service.AdaptiveService - Erreur analyserThemes : Table 'biosync.reponse_utilisateur' doesn't exist
2026-05-06 01:19:51.882 ERROR [Thread-4] org.example.service.AdaptiveService - Erreur lecture profil : Table 'biosync.profil_cognitif' doesn't exist
2026-05-06 01:19:51.886 ERROR [Thread-4] org.example.service.AdaptiveService - Erreur insererProfil : Table 'biosync.profil_cognitif' doesn't exist
2026-05-06 01:19:51.891 ERROR [Thread-4] o.example.service.ServiceQuizSession - Erreur getDernieres sessions : Table 'biosync.quiz_session' doesn't exist
2026-05-06 01:19:51.895 ERROR [Thread-4] o.example.service.PredictionService - Erreur chargerHistoriqueScores : Table 'biosync.quiz_session' doesn't exist
2026-05-06 01:19:51.896 INFO  [Thread-4] o.example.service.PredictionService - Pas assez d'historique pour l'utilisateur 42 (0 session(s))
2026-05-06 01:19:51.901 ERROR [Thread-4] org.example.service.AdaptiveService - Erreur analyserThemes : Table 'biosync.reponse_utilisateur' doesn't exist
2026-05-06 01:33:57.235 INFO  [JavaFX Application Thread] o.example.service.MonitoringService - Sentry désactivé (sentry.dsn non configuré)
2026-05-06 19:09:04.290 INFO  [JavaFX Application Thread] o.example.service.MonitoringService - Sentry désactivé (sentry.dsn non configuré)
2026-05-06 19:09:35.144 ERROR [JavaFX Application Thread] o.example.service.MonitoringService - Erreur non gérée [da6db956-6706-479b-8de9-2da3338f1e24] dans thread JavaFX Application Thread
java.lang.RuntimeException: java.lang.reflect.InvocationTargetException
	at javafx.fxml/javafx.fxml.FXMLLoader$MethodHandler.invoke(FXMLLoader.java:1857)
	at javafx.fxml/javafx.fxml.FXMLLoader$ControllerMethodEventHandler.handle(FXMLLoader.java:1724)
	at javafx.base/com.sun.javafx.event.CompositeEventHandler.dispatchBubblingEvent(CompositeEventHandler.java:86)
	at javafx.base/com.sun.javafx.event.EventHandlerManager.dispatchBubblingEvent(EventHandlerManager.java:234)
	at javafx.base/com.sun.javafx.event.EventHandlerManager.dispatchBubblingEvent(EventHandlerManager.java:191)
	at javafx.base/com.sun.javafx.event.CompositeEventDispatcher.dispatchBubblingEvent(CompositeEventDispatcher.java:59)
	at javafx.base/com.sun.javafx.event.BasicEventDispatcher.dispatchEvent(BasicEventDispatcher.java:58)
	at javafx.base/com.sun.javafx.event.EventDispatchChainImpl.dispatchEvent(EventDispatchChainImpl.java:114)
	at javafx.base/com.sun.javafx.event.BasicEventDispatcher.dispatchEvent(BasicEventDispatcher.java:56)
	at javafx.base/com.sun.javafx.event.EventDispatchChainImpl.dispatchEvent(EventDispatchChainImpl.java:114)
	at javafx.base/com.sun.javafx.event.BasicEventDispatcher.dispatchEvent(BasicEventDispatcher.java:56)
	at javafx.base/com.sun.javafx.event.EventDispatchChainImpl.dispatchEvent(EventDispatchChainImpl.java:114)
	at javafx.base/com.sun.javafx.event.EventUtil.fireEventImpl(EventUtil.java:74)
	at javafx.base/com.sun.javafx.event.EventUtil.fireEvent(EventUtil.java:49)
	at javafx.base/javafx.event.Event.fireEvent(Event.java:198)
	at javafx.graphics/javafx.scene.Node.fireEvent(Node.java:8792)
	at javafx.controls/javafx.scene.control.Button.fire(Button.java:203)
	at javafx.controls/com.sun.javafx.scene.control.behavior.ButtonBehavior.mouseReleased(ButtonBehavior.java:208)
	at javafx.controls/com.sun.javafx.scene.control.inputmap.InputMap.handle(InputMap.java:274)
	at javafx.base/com.sun.javafx.event.CompositeEventHandler$NormalEventHandlerRecord.handleBubblingEvent(CompositeEventHandler.java:247)
	at javafx.base/com.sun.javafx.event.CompositeEventHandler.dispatchBubblingEvent(CompositeEventHandler.java:80)
	at javafx.base/com.sun.javafx.event.EventHandlerManager.dispatchBubblingEvent(EventHandlerManager.java:234)
	at javafx.base/com.sun.javafx.event.EventHandlerManager.dispatchBubblingEvent(EventHandlerManager.java:191)
	at javafx.base/com.sun.javafx.event.CompositeEventDispatcher.dispatchBubblingEvent(CompositeEventDispatcher.java:59)
	at javafx.base/com.sun.javafx.event.BasicEventDispatcher.dispatchEvent(BasicEventDispatcher.java:58)
	at javafx.base/com.sun.javafx.event.EventDispatchChainImpl.dispatchEvent(EventDispatchChainImpl.java:114)
	at javafx.base/com.sun.javafx.event.BasicEventDispatcher.dispatchEvent(BasicEventDispatcher.java:56)
	at javafx.base/com.sun.javafx.event.EventDispatchChainImpl.dispatchEvent(EventDispatchChainImpl.java:114)
	at javafx.base/com.sun.javafx.event.BasicEventDispatcher.dispatchEvent(BasicEventDispatcher.java:56)
	at javafx.base/com.sun.javafx.event.EventDispatchChainImpl.dispatchEvent(EventDispatchChainImpl.java:114)
	at javafx.base/com.sun.javafx.event.EventUtil.fireEventImpl(EventUtil.java:74)
	at javafx.base/com.sun.javafx.event.EventUtil.fireEvent(EventUtil.java:54)
	at javafx.base/javafx.event.Event.fireEvent(Event.java:198)
	at javafx.graphics/javafx.scene.Scene$MouseHandler.process(Scene.java:3897)
	at javafx.graphics/javafx.scene.Scene.processMouseEvent(Scene.java:1878)
	at javafx.graphics/javafx.scene.Scene$ScenePeerListener.mouseEvent(Scene.java:2623)
	at javafx.graphics/com.sun.javafx.tk.quantum.GlassViewEventHandler$MouseEventNotification.run(GlassViewEventHandler.java:411)
	at javafx.graphics/com.sun.javafx.tk.quantum.GlassViewEventHandler$MouseEventNotification.run(GlassViewEventHandler.java:301)
	at java.base/java.security.AccessController.doPrivileged(AccessController.java:400)
	at javafx.graphics/com.sun.javafx.tk.quantum.GlassViewEventHandler.lambda$handleMouseEvent$2(GlassViewEventHandler.java:450)
	at javafx.graphics/com.sun.javafx.tk.quantum.QuantumToolkit.runWithoutRenderLock(QuantumToolkit.java:424)
	at javafx.graphics/com.sun.javafx.tk.quantum.GlassViewEventHandler.handleMouseEvent(GlassViewEventHandler.java:449)
	at javafx.graphics/com.sun.glass.ui.View.handleMouseEvent(View.java:557)
	at javafx.graphics/com.sun.glass.ui.View.notifyMouse(View.java:943)
	at javafx.graphics/com.sun.glass.ui.win.WinApplication._runLoop(Native Method)
	at javafx.graphics/com.sun.glass.ui.win.WinApplication.lambda$runLoop$3(WinApplication.java:184)
	at java.base/java.lang.Thread.run(Thread.java:1583)
Caused by: java.lang.reflect.InvocationTargetException: null
	at java.base/jdk.internal.reflect.DirectMethodHandleAccessor.invoke(DirectMethodHandleAccessor.java:115)
	at java.base/java.lang.reflect.Method.invoke(Method.java:580)
	at com.sun.javafx.reflect.Trampoline.invoke(MethodUtil.java:77)
	at java.base/jdk.internal.reflect.DirectMethodHandleAccessor.invoke(DirectMethodHandleAccessor.java:103)
	at java.base/java.lang.reflect.Method.invoke(Method.java:580)
	at javafx.base/com.sun.javafx.reflect.MethodUtil.invoke(MethodUtil.java:275)
	at javafx.fxml/com.sun.javafx.fxml.MethodHelper.invoke(MethodHelper.java:84)
	at javafx.fxml/javafx.fxml.FXMLLoader$MethodHandler.invoke(FXMLLoader.java:1852)
	... 46 common frames omitted
Caused by: java.lang.NullPointerException: Cannot invoke "java.sql.Connection.prepareStatement(String)" because "connection" is null
	at org.example.dao.UserDAO.login(UserDAO.java:183)
	at org.example.service.AuthService.login(AuthService.java:67)
	at org.example.controller.LoginController.handleLogin(LoginController.java:68)
	at org.example.controller.LoginController.handleCreateAccount(LoginController.java:43)
	at java.base/jdk.internal.reflect.DirectMethodHandleAccessor.invoke(DirectMethodHandleAccessor.java:103)
	... 53 common frames omitted
2026-05-06 19:09:38.127 ERROR [JavaFX Application Thread] o.example.service.MonitoringService - Erreur non gérée [fc5c239a-69a8-421f-92fd-3d67231fc922] dans thread JavaFX Application Thread
java.lang.RuntimeException: java.lang.reflect.InvocationTargetException
	at javafx.fxml/javafx.fxml.FXMLLoader$MethodHandler.invoke(FXMLLoader.java:1857)
	at javafx.fxml/javafx.fxml.FXMLLoader$ControllerMethodEventHandler.handle(FXMLLoader.java:1724)
	at javafx.base/com.sun.javafx.event.CompositeEventHandler.dispatchBubblingEvent(CompositeEventHandler.java:86)
	at javafx.base/com.sun.javafx.event.EventHandlerManager.dispatchBubblingEvent(EventHandlerManager.java:234)
	at javafx.base/com.sun.javafx.event.EventHandlerManager.dispatchBubblingEvent(EventHandlerManager.java:191)
	at javafx.base/com.sun.javafx.event.CompositeEventDispatcher.dispatchBubblingEvent(CompositeEventDispatcher.java:59)
	at javafx.base/com.sun.javafx.event.BasicEventDispatcher.dispatchEvent(BasicEventDispatcher.java:58)
	at javafx.base/com.sun.javafx.event.EventDispatchChainImpl.dispatchEvent(EventDispatchChainImpl.java:114)
	at javafx.base/com.sun.javafx.event.BasicEventDispatcher.dispatchEvent(BasicEventDispatcher.java:56)
	at javafx.base/com.sun.javafx.event.EventDispatchChainImpl.dispatchEvent(EventDispatchChainImpl.java:114)
	at javafx.base/com.sun.javafx.event.BasicEventDispatcher.dispatchEvent(BasicEventDispatcher.java:56)
	at javafx.base/com.sun.javafx.event.EventDispatchChainImpl.dispatchEvent(EventDispatchChainImpl.java:114)
	at javafx.base/com.sun.javafx.event.EventUtil.fireEventImpl(EventUtil.java:74)
	at javafx.base/com.sun.javafx.event.EventUtil.fireEvent(EventUtil.java:49)
	at javafx.base/javafx.event.Event.fireEvent(Event.java:198)
	at javafx.graphics/javafx.scene.Node.fireEvent(Node.java:8792)
	at javafx.controls/javafx.scene.control.Button.fire(Button.java:203)
	at javafx.controls/com.sun.javafx.scene.control.behavior.ButtonBehavior.mouseReleased(ButtonBehavior.java:208)
	at javafx.controls/com.sun.javafx.scene.control.inputmap.InputMap.handle(InputMap.java:274)
	at javafx.base/com.sun.javafx.event.CompositeEventHandler$NormalEventHandlerRecord.handleBubblingEvent(CompositeEventHandler.java:247)
	at javafx.base/com.sun.javafx.event.CompositeEventHandler.dispatchBubblingEvent(CompositeEventHandler.java:80)
	at javafx.base/com.sun.javafx.event.EventHandlerManager.dispatchBubblingEvent(EventHandlerManager.java:234)
	at javafx.base/com.sun.javafx.event.EventHandlerManager.dispatchBubblingEvent(EventHandlerManager.java:191)
	at javafx.base/com.sun.javafx.event.CompositeEventDispatcher.dispatchBubblingEvent(CompositeEventDispatcher.java:59)
	at javafx.base/com.sun.javafx.event.BasicEventDispatcher.dispatchEvent(BasicEventDispatcher.java:58)
	at javafx.base/com.sun.javafx.event.EventDispatchChainImpl.dispatchEvent(EventDispatchChainImpl.java:114)
	at javafx.base/com.sun.javafx.event.BasicEventDispatcher.dispatchEvent(BasicEventDispatcher.java:56)
	at javafx.base/com.sun.javafx.event.EventDispatchChainImpl.dispatchEvent(EventDispatchChainImpl.java:114)
	at javafx.base/com.sun.javafx.event.BasicEventDispatcher.dispatchEvent(BasicEventDispatcher.java:56)
	at javafx.base/com.sun.javafx.event.EventDispatchChainImpl.dispatchEvent(EventDispatchChainImpl.java:114)
	at javafx.base/com.sun.javafx.event.EventUtil.fireEventImpl(EventUtil.java:74)
	at javafx.base/com.sun.javafx.event.EventUtil.fireEvent(EventUtil.java:54)
	at javafx.base/javafx.event.Event.fireEvent(Event.java:198)
	at javafx.graphics/javafx.scene.Scene$MouseHandler.process(Scene.java:3897)
	at javafx.graphics/javafx.scene.Scene.processMouseEvent(Scene.java:1878)
	at javafx.graphics/javafx.scene.Scene$ScenePeerListener.mouseEvent(Scene.java:2623)
	at javafx.graphics/com.sun.javafx.tk.quantum.GlassViewEventHandler$MouseEventNotification.run(GlassViewEventHandler.java:411)
	at javafx.graphics/com.sun.javafx.tk.quantum.GlassViewEventHandler$MouseEventNotification.run(GlassViewEventHandler.java:301)
	at java.base/java.security.AccessController.doPrivileged(AccessController.java:400)
	at javafx.graphics/com.sun.javafx.tk.quantum.GlassViewEventHandler.lambda$handleMouseEvent$2(GlassViewEventHandler.java:450)
	at javafx.graphics/com.sun.javafx.tk.quantum.QuantumToolkit.runWithoutRenderLock(QuantumToolkit.java:424)
	at javafx.graphics/com.sun.javafx.tk.quantum.GlassViewEventHandler.handleMouseEvent(GlassViewEventHandler.java:449)
	at javafx.graphics/com.sun.glass.ui.View.handleMouseEvent(View.java:557)
	at javafx.graphics/com.sun.glass.ui.View.notifyMouse(View.java:943)
	at javafx.graphics/com.sun.glass.ui.win.WinApplication._runLoop(Native Method)
	at javafx.graphics/com.sun.glass.ui.win.WinApplication.lambda$runLoop$3(WinApplication.java:184)
	at java.base/java.lang.Thread.run(Thread.java:1583)
Caused by: java.lang.reflect.InvocationTargetException: null
	at java.base/jdk.internal.reflect.DirectMethodHandleAccessor.invoke(DirectMethodHandleAccessor.java:115)
	at java.base/java.lang.reflect.Method.invoke(Method.java:580)
	at com.sun.javafx.reflect.Trampoline.invoke(MethodUtil.java:77)
	at java.base/jdk.internal.reflect.DirectMethodHandleAccessor.invoke(DirectMethodHandleAccessor.java:103)
	at java.base/java.lang.reflect.Method.invoke(Method.java:580)
	at javafx.base/com.sun.javafx.reflect.MethodUtil.invoke(MethodUtil.java:275)
	at javafx.fxml/com.sun.javafx.fxml.MethodHelper.invoke(MethodHelper.java:84)
	at javafx.fxml/javafx.fxml.FXMLLoader$MethodHandler.invoke(FXMLLoader.java:1852)
	... 46 common frames omitted
Caused by: java.lang.NullPointerException: Cannot invoke "java.sql.Connection.prepareStatement(String)" because "connection" is null
	at org.example.dao.UserDAO.login(UserDAO.java:183)
	at org.example.service.AuthService.login(AuthService.java:67)
	at org.example.controller.LoginController.handleLogin(LoginController.java:68)
	at org.example.controller.LoginController.handleCreateAccount(LoginController.java:43)
	at java.base/jdk.internal.reflect.DirectMethodHandleAccessor.invoke(DirectMethodHandleAccessor.java:103)
	... 53 common frames omitted
2026-05-06 19:21:42.918 INFO  [JavaFX Application Thread] o.example.service.MonitoringService - Sentry désactivé (sentry.dsn non configuré)
2026-05-06 19:24:18.902 INFO  [JavaFX Application Thread] o.example.service.MonitoringService - Sentry désactivé (sentry.dsn non configuré)
2026-05-06 19:24:29.904 ERROR [JavaFX Application Thread] o.e.c.DashboardCognitifController - Erreur navigation vers /Connexion.fxml : Cannot invoke "javafx.scene.Scene.getWindow()" because the return value of "javafx.scene.control.Label.getScene()" is null
2026-05-06 19:24:36.636 ERROR [JavaFX Application Thread] o.e.c.DashboardCognitifController - Erreur navigation vers /Connexion.fxml : Cannot invoke "javafx.scene.Scene.getWindow()" because the return value of "javafx.scene.control.Label.getScene()" is null
2026-05-06 19:24:57.147 ERROR [JavaFX Application Thread] o.e.c.DashboardCognitifController - Erreur navigation vers /Connexion.fxml : Cannot invoke "javafx.scene.Scene.getWindow()" because the return value of "javafx.scene.control.Label.getScene()" is null
2026-05-06 19:25:10.278 ERROR [JavaFX Application Thread] o.e.c.DashboardCognitifController - Erreur navigation vers /Connexion.fxml : Cannot invoke "javafx.scene.Scene.getWindow()" because the return value of "javafx.scene.control.Label.getScene()" is null
2026-05-06 19:25:14.934 ERROR [JavaFX Application Thread] o.e.controller.QuizViewController - Erreur navigation vers /Connexion.fxml : Cannot invoke "javafx.scene.Scene.getWindow()" because the return value of "javafx.scene.control.Label.getScene()" is null
2026-05-06 19:25:48.295 INFO  [JavaFX Application Thread] o.example.service.MonitoringService - Sentry désactivé (sentry.dsn non configuré)
2026-05-06 19:27:06.778 INFO  [JavaFX Application Thread] o.example.service.MonitoringService - Sentry désactivé (sentry.dsn non configuré)
